// Jest Snapshot v1, https://goo.gl/fbAQLP

exports[`Beagle snapshot Touchable 1`] = `ShallowWrapper {}`;
