// Jest Snapshot v1, https://goo.gl/fbAQLP

exports[`Beagle snapshot Input 1`] = `ReactWrapper {}`;
