// Jest Snapshot v1, https://goo.gl/fbAQLP

exports[`Beagle snapshot container 1`] = `ReactWrapper {}`;
