// Jest Snapshot v1, https://goo.gl/fbAQLP

exports[`Beagle snapshot image 1`] = `ReactWrapper {}`;
