// Jest Snapshot v1, https://goo.gl/fbAQLP

exports[`Beagle snapshot SimpleForm 1`] = `ReactWrapper {}`;
