// Jest Snapshot v1, https://goo.gl/fbAQLP

exports[`Beagle snapshot Loading 1`] = `ShallowWrapper {}`;
