// Jest Snapshot v1, https://goo.gl/fbAQLP

exports[`Beagle snapshot Page Indicator 1`] = `ReactWrapper {}`;
