// Jest Snapshot v1, https://goo.gl/fbAQLP

exports[`Beagle snapshot Markdown 1`] = `ReactWrapper {}`;
