// Jest Snapshot v1, https://goo.gl/fbAQLP

exports[`Beagle snapshot input 1`] = `ShallowWrapper {}`;
